PS C:\Users\007bi> cd "C:\Users\007bi\OneDrive\ドキュメント\git_challenge"
PS C:\Users\007bi\OneDrive\ドキュメント\git_challenge> git init
Initialized empty Git repository in C:/Users/007bi/OneDrive/ドキュメント/git_challenge/.git/
PS C:\Users\007bi\OneDrive\ドキュメント\git_challenge> git status
On branch main

No commits yet

Untracked files:
  (use "git add <file>..." to include in what will be committed)
        hello_world.txt

nothing added to commit but untracked files present (use "git add" to track)
PS C:\Users\007bi\OneDrive\ドキュメント\git_challenge> git add "C:\Users\007bi\OneDrive\ドキュメント\git_challenge"
PS C:\Users\007bi\OneDrive\ドキュメント\git_challenge> git status
On branch main

No commits yet

Changes to be committed:
  (use "git rm --cached <file>..." to unstage)
        new file:   hello_world.txt

PS C:\Users\007bi\OneDrive\ドキュメント\git_challenge> git commit -m "Hellow,world!を追加"     
[main (root-commit) 4e3d3d4] Hellow,world!を追加
 1 file changed, 2 insertions(+)
 create mode 100644 hello_world.txt
PS C:\Users\007bi\OneDrive\ドキュメント\git_challenge> git status
On branch main
nothing to commit, working tree clean
PS C:\Users\007bi\OneDrive\ドキュメント\git_challenge> git status
On branch main
Changes not staged for commit:
  (use "git add <file>..." to update what will be committed)
  (use "git restore <file>..." to discard changes in working directory)
        modified:   hello_world.txt

no changes added to commit (use "git add" and/or "git commit -a")
PS C:\Users\007bi\OneDrive\ドキュメント\git_challenge> git add "C:\Users\007bi\OneDrive\ドキュメント\git_challenge"
PS C:\Users\007bi\OneDrive\ドキュメント\git_challenge> git status
On branch main
Changes to be committed:
  (use "git restore --staged <file>..." to unstage)
        modified:   hello_world.txt

PS C:\Users\007bi\OneDrive\ドキュメント\git_challenge> git commit -m "こんにちは、世界！を追加"
[main 8086543] こんにちは、世界！を追加
 1 file changed, 1 insertion(+), 1 deletion(-)
PS C:\Users\007bi\OneDrive\ドキュメント\git_challenge> git status
On branch main
nothing to commit, working tree clean
PS C:\Users\007bi\OneDrive\ドキュメント\git_challenge> git log
commit 8086543f4c176d0136cd5c8e4beaad67a1a6fa03 (HEAD -> main)
Author: mineo <007biwako@gmail.com>
Date:   Sun Mar 30 20:36:38 2025 +0900

    こんにちは、世界！を追加

commit 4e3d3d4fd2ae0321213ed94eb779b063879d1eb4
Author: mineo <007biwako@gmail.com>
Date:   Sun Mar 30 20:35:14 2025 +0900

    Hellow,world!を追加
PS C:\Users\007bi\OneDrive\ドキュメント\git_challenge>
